GA_RUN_START_UTC=2026-09-15T17:30:40Z
GA_RUN_START_ET=2026-09-15T13:30:40-0400
=== [Toyota] starting 2026-09-15T17:30:40Z (dealers file: dealers/ga/toyota.json) ===
=== [Toyota] done 2026-09-15T17:44:12Z exit=0 duration=812s ===
=== [Lexus] starting 2026-09-15T17:44:12Z (dealers file: dealers/ga/lexus.json) ===
=== [Lexus] done 2026-09-15T17:49:25Z exit=0 duration=313s ===
=== [Kia] starting 2026-09-15T17:49:25Z (dealers file: dealers/ga/kia.json) ===
=== [Kia] done 2026-09-15T17:59:44Z exit=0 duration=619s ===
=== [Acura] starting 2026-09-15T17:59:44Z (dealers file: dealers/ga/acura.json) ===
=== [Acura] done 2026-09-15T18:07:33Z exit=0 duration=469s ===
=== [Subaru] starting 2026-09-15T18:07:33Z (dealers file: dealers/ga/subaru.json) ===
=== [Subaru] done 2026-09-15T18:15:33Z exit=0 duration=480s ===
=== [Mazda] starting 2026-09-15T18:15:33Z (dealers file: dealers/ga/mazda.json) ===
=== [Mazda] done 2026-09-15T18:20:09Z exit=0 duration=276s ===
=== [Volkswagen] starting 2026-09-15T18:20:09Z (dealers file: dealers/ga/volkswagen.json) ===
=== [Volkswagen] done 2026-09-15T18:25:05Z exit=0 duration=296s ===
=== [Mercedes-Benz] starting 2026-09-15T18:25:05Z (dealers file: dealers/ga/mercedes-benz.json) ===
=== [Mercedes-Benz] done 2026-09-15T18:34:33Z exit=0 duration=568s ===
=== [Porsche] starting 2026-09-15T18:34:33Z (dealers file: dealers/ga/porsche.json) ===
=== [Porsche] done 2026-09-15T18:35:08Z exit=0 duration=35s ===
=== [Mini] starting 2026-09-15T18:35:08Z (dealers file: dealers/ga/mini.json) ===
=== [Mini] done 2026-09-15T18:36:38Z exit=0 duration=90s ===
=== [Mitsubishi] starting 2026-09-15T18:36:38Z (dealers file: dealers/ga/mitsubishi.json) ===
=== [Mitsubishi] done 2026-09-15T18:39:18Z exit=0 duration=160s ===
GA_RUN_END_UTC=2026-09-15T18:39:18Z
GA_RUN_END_ET=2026-09-15T14:39:18-0400
GA_RUN_TOTAL_DURATION_SEC=4118
GA_RUN_COMPLETE
